// Jest Snapshot v1, https://goo.gl/fbAQLP

exports[`expect to render CartIcon component 1`] = `
<ForwardRef(styled.div)>
  <ForwardRef(Styled(Component)) />
  <ForwardRef(styled.span) />
</ForwardRef(styled.div)>
`;
